// Jest Snapshot v1, https://goo.gl/fbAQLP

exports[`MovieDetails should match the snapshot with all data passed in 1`] = `
ShallowWrapper {
  Symbol(enzyme.__root__): [Circular],
  Symbol(enzyme.__unrendered__): <MovieDetails
    backdrop_path="url/suffix/"
    overview="Text about movie..."
    release_date="2018-02-03"
    title="Aquaman"
    vote_average={6.9}
  />,
  Symbol(enzyme.__renderer__): Object {
    "batchedUpdates": [Function],
    "checkPropTypes": [Function],
    "getNode": [Function],
    "render": [Function],
    "simulateError": [Function],
    "simulateEvent": [Function],
    "unmount": [Function],
  },
  Symbol(enzyme.__node__): Object {
    "instance": null,
    "key": undefined,
    "nodeType": "host",
    "props": Object {
      "children": <div
        className="movie-details-div"
      >
        <Link
          replace={false}
          to="/"
        >
          <h4
            className="return-link"
          >
            Return To All Movies
          </h4>
        </Link>
        <img
          alt=""
          className="movie-backdrop"
          src="http://image.tmdb.org/t/p/w1280/url/suffix/"
        />
        <div
          className="movie-text-div"
        >
          <h2
            className="movie-details"
            id="title-text"
          >
            Aquaman
          </h2>
          <p
            className="movie-details"
            id="overview-text"
          >
            Text about movie...
          </p>
          <p
            className="movie-details"
          >
            Release Date: 
            2018-02-03
          </p>
          <p
            className="movie-details"
          >
            Average Rating: 
            6.9
          </p>
        </div>
      </div>,
      "className": "overlay-div",
    },
    "ref": null,
    "rendered": Object {
      "instance": null,
      "key": undefined,
      "nodeType": "host",
      "props": Object {
        "children": Array [
          <Link
            replace={false}
            to="/"
          >
            <h4
              className="return-link"
            >
              Return To All Movies
            </h4>
          </Link>,
          <img
            alt=""
            className="movie-backdrop"
            src="http://image.tmdb.org/t/p/w1280/url/suffix/"
          />,
          <div
            className="movie-text-div"
          >
            <h2
              className="movie-details"
              id="title-text"
            >
              Aquaman
            </h2>
            <p
              className="movie-details"
              id="overview-text"
            >
              Text about movie...
            </p>
            <p
              className="movie-details"
            >
              Release Date: 
              2018-02-03
            </p>
            <p
              className="movie-details"
            >
              Average Rating: 
              6.9
            </p>
          </div>,
        ],
        "className": "movie-details-div",
      },
      "ref": null,
      "rendered": Array [
        Object {
          "instance": null,
          "key": undefined,
          "nodeType": "class",
          "props": Object {
            "children": <h4
              className="return-link"
            >
              Return To All Movies
            </h4>,
            "replace": false,
            "to": "/",
          },
          "ref": null,
          "rendered": Object {
            "instance": null,
            "key": undefined,
            "nodeType": "host",
            "props": Object {
              "children": "Return To All Movies",
              "className": "return-link",
            },
            "ref": null,
            "rendered": "Return To All Movies",
            "type": "h4",
          },
          "type": [Function],
        },
        Object {
          "instance": null,
          "key": undefined,
          "nodeType": "host",
          "props": Object {
            "alt": "",
            "className": "movie-backdrop",
            "src": "http://image.tmdb.org/t/p/w1280/url/suffix/",
          },
          "ref": null,
          "rendered": null,
          "type": "img",
        },
        Object {
          "instance": null,
          "key": undefined,
          "nodeType": "host",
          "props": Object {
            "children": Array [
              <h2
                className="movie-details"
                id="title-text"
              >
                Aquaman
              </h2>,
              <p
                className="movie-details"
                id="overview-text"
              >
                Text about movie...
              </p>,
              <p
                className="movie-details"
              >
                Release Date: 
                2018-02-03
              </p>,
              <p
                className="movie-details"
              >
                Average Rating: 
                6.9
              </p>,
            ],
            "className": "movie-text-div",
          },
          "ref": null,
          "rendered": Array [
            Object {
              "instance": null,
              "key": undefined,
              "nodeType": "host",
              "props": Object {
                "children": "Aquaman",
                "className": "movie-details",
                "id": "title-text",
              },
              "ref": null,
              "rendered": "Aquaman",
              "type": "h2",
            },
            Object {
              "instance": null,
              "key": undefined,
              "nodeType": "host",
              "props": Object {
                "children": "Text about movie...",
                "className": "movie-details",
                "id": "overview-text",
              },
              "ref": null,
              "rendered": "Text about movie...",
              "type": "p",
            },
            Object {
              "instance": null,
              "key": undefined,
              "nodeType": "host",
              "props": Object {
                "children": Array [
                  "Release Date: ",
                  "2018-02-03",
                ],
                "className": "movie-details",
              },
              "ref": null,
              "rendered": Array [
                "Release Date: ",
                "2018-02-03",
              ],
              "type": "p",
            },
            Object {
              "instance": null,
              "key": undefined,
              "nodeType": "host",
              "props": Object {
                "children": Array [
                  "Average Rating: ",
                  6.9,
                ],
                "className": "movie-details",
              },
              "ref": null,
              "rendered": Array [
                "Average Rating: ",
                6.9,
              ],
              "type": "p",
            },
          ],
          "type": "div",
        },
      ],
      "type": "div",
    },
    "type": "div",
  },
  Symbol(enzyme.__nodes__): Array [
    Object {
      "instance": null,
      "key": undefined,
      "nodeType": "host",
      "props": Object {
        "children": <div
          className="movie-details-div"
        >
          <Link
            replace={false}
            to="/"
          >
            <h4
              className="return-link"
            >
              Return To All Movies
            </h4>
          </Link>
          <img
            alt=""
            className="movie-backdrop"
            src="http://image.tmdb.org/t/p/w1280/url/suffix/"
          />
          <div
            className="movie-text-div"
          >
            <h2
              className="movie-details"
              id="title-text"
            >
              Aquaman
            </h2>
            <p
              className="movie-details"
              id="overview-text"
            >
              Text about movie...
            </p>
            <p
              className="movie-details"
            >
              Release Date: 
              2018-02-03
            </p>
            <p
              className="movie-details"
            >
              Average Rating: 
              6.9
            </p>
          </div>
        </div>,
        "className": "overlay-div",
      },
      "ref": null,
      "rendered": Object {
        "instance": null,
        "key": undefined,
        "nodeType": "host",
        "props": Object {
          "children": Array [
            <Link
              replace={false}
              to="/"
            >
              <h4
                className="return-link"
              >
                Return To All Movies
              </h4>
            </Link>,
            <img
              alt=""
              className="movie-backdrop"
              src="http://image.tmdb.org/t/p/w1280/url/suffix/"
            />,
            <div
              className="movie-text-div"
            >
              <h2
                className="movie-details"
                id="title-text"
              >
                Aquaman
              </h2>
              <p
                className="movie-details"
                id="overview-text"
              >
                Text about movie...
              </p>
              <p
                className="movie-details"
              >
                Release Date: 
                2018-02-03
              </p>
              <p
                className="movie-details"
              >
                Average Rating: 
                6.9
              </p>
            </div>,
          ],
          "className": "movie-details-div",
        },
        "ref": null,
        "rendered": Array [
          Object {
            "instance": null,
            "key": undefined,
            "nodeType": "class",
            "props": Object {
              "children": <h4
                className="return-link"
              >
                Return To All Movies
              </h4>,
              "replace": false,
              "to": "/",
            },
            "ref": null,
            "rendered": Object {
              "instance": null,
              "key": undefined,
              "nodeType": "host",
              "props": Object {
                "children": "Return To All Movies",
                "className": "return-link",
              },
              "ref": null,
              "rendered": "Return To All Movies",
              "type": "h4",
            },
            "type": [Function],
          },
          Object {
            "instance": null,
            "key": undefined,
            "nodeType": "host",
            "props": Object {
              "alt": "",
              "className": "movie-backdrop",
              "src": "http://image.tmdb.org/t/p/w1280/url/suffix/",
            },
            "ref": null,
            "rendered": null,
            "type": "img",
          },
          Object {
            "instance": null,
            "key": undefined,
            "nodeType": "host",
            "props": Object {
              "children": Array [
                <h2
                  className="movie-details"
                  id="title-text"
                >
                  Aquaman
                </h2>,
                <p
                  className="movie-details"
                  id="overview-text"
                >
                  Text about movie...
                </p>,
                <p
                  className="movie-details"
                >
                  Release Date: 
                  2018-02-03
                </p>,
                <p
                  className="movie-details"
                >
                  Average Rating: 
                  6.9
                </p>,
              ],
              "className": "movie-text-div",
            },
            "ref": null,
            "rendered": Array [
              Object {
                "instance": null,
                "key": undefined,
                "nodeType": "host",
                "props": Object {
                  "children": "Aquaman",
                  "className": "movie-details",
                  "id": "title-text",
                },
                "ref": null,
                "rendered": "Aquaman",
                "type": "h2",
              },
              Object {
                "instance": null,
                "key": undefined,
                "nodeType": "host",
                "props": Object {
                  "children": "Text about movie...",
                  "className": "movie-details",
                  "id": "overview-text",
                },
                "ref": null,
                "rendered": "Text about movie...",
                "type": "p",
              },
              Object {
                "instance": null,
                "key": undefined,
                "nodeType": "host",
                "props": Object {
                  "children": Array [
                    "Release Date: ",
                    "2018-02-03",
                  ],
                  "className": "movie-details",
                },
                "ref": null,
                "rendered": Array [
                  "Release Date: ",
                  "2018-02-03",
                ],
                "type": "p",
              },
              Object {
                "instance": null,
                "key": undefined,
                "nodeType": "host",
                "props": Object {
                  "children": Array [
                    "Average Rating: ",
                    6.9,
                  ],
                  "className": "movie-details",
                },
                "ref": null,
                "rendered": Array [
                  "Average Rating: ",
                  6.9,
                ],
                "type": "p",
              },
            ],
            "type": "div",
          },
        ],
        "type": "div",
      },
      "type": "div",
    },
  ],
  Symbol(enzyme.__options__): Object {
    "adapter": ReactSixteenAdapter {
      "options": Object {
        "enableComponentDidUpdateOnSetState": true,
        "legacyContextMode": "parent",
        "lifecycles": Object {
          "componentDidUpdate": Object {
            "onSetState": true,
          },
          "getChildContext": Object {
            "calledByRenderer": false,
          },
          "getDerivedStateFromProps": true,
          "getSnapshotBeforeUpdate": true,
          "setState": Object {
            "skipsComponentDidUpdateOnNullish": true,
          },
        },
      },
    },
  },
}
`;
